09:49:40 **** Incremental Build of configuration Debug for project 0_led_toggle_addr ****
make -j6 all 
arm-none-eabi-gcc "../Src/main.c" -mcpu=cortex-m4 -std=gnu11 -g3 -DDEBUG -DSTM32 -DSTM32F4 -DSTM32F446RETx -DNUCLEO_F446RE -c -I../Inc -O0 -ffunction-sections -fdata-sections -Wall -fstack-usage -MMD -MP -MF"Src/main.d" -MT"Src/main.o" --specs=nano.specs -mfpu=fpv4-sp-d16 -mfloat-abi=hard -mthumb -o "Src/main.o"
arm-none-eabi-gcc -o "0_led_toggle_addr.elf" @"objects.list"   -mcpu=cortex-m4 -T"C:\Users\Entuple\Desktop\Sivapraveen\STM32\STM32-Baremetal-Programming\0_led_toggle_addr\STM32F446RETX_FLASH.ld" --specs=nosys.specs -Wl,-Map="0_led_toggle_addr.map" -Wl,--gc-sections -static --specs=nano.specs -mfpu=fpv4-sp-d16 -mfloat-abi=hard -mthumb -Wl,--start-group -lc -lm -Wl,--end-group
Finished building target: 0_led_toggle_addr.elf
 
arm-none-eabi-size   0_led_toggle_addr.elf 
arm-none-eabi-objdump -h -S  0_led_toggle_addr.elf  > "0_led_toggle_addr.list"
arm-none-eabi-objcopy  -O binary  0_led_toggle_addr.elf  "0_led_toggle_addr.bin"
   text	   data	    bss	    dec	    hex	filename
    712	      8	   1568	   2288	    8f0	0_led_toggle_addr.elf
Finished building: default.size.stdout
 
Finished building: 0_led_toggle_addr.bin
 
Finished building: 0_led_toggle_addr.list
 

09:49:41 Build Finished. 0 errors, 0 warnings. (took 680ms)

